// Jest Snapshot v1, https://goo.gl/fbAQLP

exports[`renders homepage correctly on the DOM 1`] = `
<div
  className="homepage-container"
>
  <h3
    className="homepage-title"
  >
    Welcome to our page
  </h3>
  <p
    className="homepage-text"
  >
    Lorem ipsum, dolor sit amet consectetur adipisicing elit. Recusandae modi ratione in? Nobis explicabo cupiditate doloremque pariatur maxime ad, facere accusantium quam fuga tempore! Sequi, autem minima perferendis nulla labore expedita accusamus molestias? Nemo, tempora maxime perspiciatis sunt illum odio provident, ducimus dolorem iure dolores nulla numquam velit repellendus facilis.
  </p>
  <p
    className="homepage-text"
  >
    Lorem ipsum, dolor sit amet consectetur adipisicing elit. Recusandae modi ratione in? Nobis explicabo cupiditate doloremque pariatur maxime ad, facere accusantium quam fuga tempore! Sequi, autem minima perferendis nulla labore expedita accusamus molestias? Nemo, tempora maxime perspiciatis sunt illum odio provident, ducimus dolorem iure dolores nulla numquam velit repellendus facilis.
  </p>
</div>
`;
