// Jest Snapshot v1, https://goo.gl/fbAQLP

exports[`Quote should render error text when fetching quote fails 1`] = `<DocumentFragment />`;

exports[`Quote should render loading text 1`] = `<DocumentFragment />`;

exports[`Quote should render quote text when fetching quote succeeds 1`] = `<DocumentFragment />`;
